Archive member included because of file (symbol)

c:/program files (x86)/atmel/atmel toolchain/avr8 gcc/native/3.4.1061/avr8-gnu-toolchain/bin/../lib/gcc/avr/4.8.1/../../../../avr/lib/avrxmega2\libm.a(divsf3.o)
                              src/OctoPlus/drivers/Servo.o (__divsf3)
c:/program files (x86)/atmel/atmel toolchain/avr8 gcc/native/3.4.1061/avr8-gnu-toolchain/bin/../lib/gcc/avr/4.8.1/../../../../avr/lib/avrxmega2\libm.a(divsf3x.o)
                              c:/program files (x86)/atmel/atmel toolchain/avr8 gcc/native/3.4.1061/avr8-gnu-toolchain/bin/../lib/gcc/avr/4.8.1/../../../../avr/lib/avrxmega2\libm.a(divsf3.o) (__divsf3x)
c:/program files (x86)/atmel/atmel toolchain/avr8 gcc/native/3.4.1061/avr8-gnu-toolchain/bin/../lib/gcc/avr/4.8.1/../../../../avr/lib/avrxmega2\libm.a(fixsfdi.o)
                              src/OctoPlus/drivers/leds.o (__fixunssfdi)
c:/program files (x86)/atmel/atmel toolchain/avr8 gcc/native/3.4.1061/avr8-gnu-toolchain/bin/../lib/gcc/avr/4.8.1/../../../../avr/lib/avrxmega2\libm.a(fixunssfsi.o)
                              src/OctoPlus/drivers/Servo.o (__fixunssfsi)
c:/program files (x86)/atmel/atmel toolchain/avr8 gcc/native/3.4.1061/avr8-gnu-toolchain/bin/../lib/gcc/avr/4.8.1/../../../../avr/lib/avrxmega2\libm.a(floatsisf.o)
                              src/OctoPlus/drivers/Servo.o (__floatunsisf)
c:/program files (x86)/atmel/atmel toolchain/avr8 gcc/native/3.4.1061/avr8-gnu-toolchain/bin/../lib/gcc/avr/4.8.1/../../../../avr/lib/avrxmega2\libm.a(floatundisf.o)
                              src/OctoPlus/drivers/leds.o (__floatundisf)
c:/program files (x86)/atmel/atmel toolchain/avr8 gcc/native/3.4.1061/avr8-gnu-toolchain/bin/../lib/gcc/avr/4.8.1/../../../../avr/lib/avrxmega2\libm.a(fp_inf.o)
                              c:/program files (x86)/atmel/atmel toolchain/avr8 gcc/native/3.4.1061/avr8-gnu-toolchain/bin/../lib/gcc/avr/4.8.1/../../../../avr/lib/avrxmega2\libm.a(divsf3x.o) (__fp_inf)
c:/program files (x86)/atmel/atmel toolchain/avr8 gcc/native/3.4.1061/avr8-gnu-toolchain/bin/../lib/gcc/avr/4.8.1/../../../../avr/lib/avrxmega2\libm.a(fp_nan.o)
                              c:/program files (x86)/atmel/atmel toolchain/avr8 gcc/native/3.4.1061/avr8-gnu-toolchain/bin/../lib/gcc/avr/4.8.1/../../../../avr/lib/avrxmega2\libm.a(divsf3x.o) (__fp_nan)
c:/program files (x86)/atmel/atmel toolchain/avr8 gcc/native/3.4.1061/avr8-gnu-toolchain/bin/../lib/gcc/avr/4.8.1/../../../../avr/lib/avrxmega2\libm.a(fp_negdi.o)
                              c:/program files (x86)/atmel/atmel toolchain/avr8 gcc/native/3.4.1061/avr8-gnu-toolchain/bin/../lib/gcc/avr/4.8.1/../../../../avr/lib/avrxmega2\libm.a(fixsfdi.o) (__fp_negdi)
c:/program files (x86)/atmel/atmel toolchain/avr8 gcc/native/3.4.1061/avr8-gnu-toolchain/bin/../lib/gcc/avr/4.8.1/../../../../avr/lib/avrxmega2\libm.a(fp_pscA.o)
                              c:/program files (x86)/atmel/atmel toolchain/avr8 gcc/native/3.4.1061/avr8-gnu-toolchain/bin/../lib/gcc/avr/4.8.1/../../../../avr/lib/avrxmega2\libm.a(divsf3x.o) (__fp_pscA)
c:/program files (x86)/atmel/atmel toolchain/avr8 gcc/native/3.4.1061/avr8-gnu-toolchain/bin/../lib/gcc/avr/4.8.1/../../../../avr/lib/avrxmega2\libm.a(fp_pscB.o)
                              c:/program files (x86)/atmel/atmel toolchain/avr8 gcc/native/3.4.1061/avr8-gnu-toolchain/bin/../lib/gcc/avr/4.8.1/../../../../avr/lib/avrxmega2\libm.a(divsf3x.o) (__fp_pscB)
c:/program files (x86)/atmel/atmel toolchain/avr8 gcc/native/3.4.1061/avr8-gnu-toolchain/bin/../lib/gcc/avr/4.8.1/../../../../avr/lib/avrxmega2\libm.a(fp_round.o)
                              c:/program files (x86)/atmel/atmel toolchain/avr8 gcc/native/3.4.1061/avr8-gnu-toolchain/bin/../lib/gcc/avr/4.8.1/../../../../avr/lib/avrxmega2\libm.a(divsf3.o) (__fp_round)
c:/program files (x86)/atmel/atmel toolchain/avr8 gcc/native/3.4.1061/avr8-gnu-toolchain/bin/../lib/gcc/avr/4.8.1/../../../../avr/lib/avrxmega2\libm.a(fp_split3.o)
                              c:/program files (x86)/atmel/atmel toolchain/avr8 gcc/native/3.4.1061/avr8-gnu-toolchain/bin/../lib/gcc/avr/4.8.1/../../../../avr/lib/avrxmega2\libm.a(divsf3x.o) (__fp_split3)
c:/program files (x86)/atmel/atmel toolchain/avr8 gcc/native/3.4.1061/avr8-gnu-toolchain/bin/../lib/gcc/avr/4.8.1/../../../../avr/lib/avrxmega2\libm.a(fp_zero.o)
                              c:/program files (x86)/atmel/atmel toolchain/avr8 gcc/native/3.4.1061/avr8-gnu-toolchain/bin/../lib/gcc/avr/4.8.1/../../../../avr/lib/avrxmega2\libm.a(fixunssfsi.o) (__fp_zero)
c:/program files (x86)/atmel/atmel toolchain/avr8 gcc/native/3.4.1061/avr8-gnu-toolchain/bin/../lib/gcc/avr/4.8.1/../../../../avr/lib/avrxmega2\libm.a(mulsf3.o)
                              src/OctoPlus/drivers/Servo.o (__mulsf3)
c:/program files (x86)/atmel/atmel toolchain/avr8 gcc/native/3.4.1061/avr8-gnu-toolchain/bin/../lib/gcc/avr/4.8.1/../../../../avr/lib/avrxmega2\libm.a(mulsf3x.o)
[...]
Memory Configuration

Name             Origin             Length             Attributes
text             0x00000000         0x00100000         xr
data             0x00802000         0x0000ffa0         rw !x
eeprom           0x00810000         0x00010000         rw !x
fuse             0x00820000         0x00000400         rw !x
lock             0x00830000         0x00000400         rw !x
signature        0x00840000         0x00000400         rw !x
user_signatures  0x00850000         0x00000400         rw !x
*default*        0x00000000         0xffffffff

Linker script and memory map

LOAD c:/program files (x86)/atmel/atmel toolchain/avr8 gcc/native/3.4.1061/avr8-gnu-toolchain/bin/../lib/gcc/avr/4.8.1/../../../../avr/lib/avrxmega2/crtx32a4u.o
LOAD src/ASF/common/services/usb/class/cdc/device/udi_cdc.o
LOAD src/ASF/common/services/usb/udc/udc.o
LOAD src/ASF/xmega/drivers/tc/tc.o
LOAD src/ASF/xmega/drivers/twi/twim.o
LOAD src/ASF/xmega/drivers/twi/twis.o
LOAD src/ASF/xmega/drivers/usb/usb_device.o
LOAD src/ASF/common/services/usb/class/cdc/device/udi_cdc_desc.o
LOAD src/ASF/common/services/sleepmgr/xmega/sleepmgr.o
LOAD src/ASF/common/services/ioport/xmega/ioport_compat.o
LOAD src/ASF/common/services/clock/xmega/sysclk.o
LOAD src/ASF/xmega/drivers/nvm/nvm.o
LOAD src/ASF/xmega/drivers/nvm/nvm_asm.o
LOAD src/ASF/xmega/drivers/cpu/ccp.o
LOAD src/ASF/xmega/services/pwm/pwm.o
LOAD src/OctoPlus/drivers/DHT11.o
LOAD src/OctoPlus/drivers/gesture_ligth_sensor.o
LOAD src/OctoPlus/drivers/io_port.o
LOAD src/OctoPlus/drivers/jord.o
LOAD src/OctoPlus/drivers/line_sensor.o
LOAD src/OctoPlus/drivers/motors.o
LOAD src/OctoPlus/drivers/Servo.o
LOAD src/OctoPlus/drivers/OctoPlus.o
LOAD src/OctoPlus/drivers/leds.o
LOAD src/OctoPlus/drivers/switch.o
LOAD src/OctoPlus/drivers/usb_serial.o
LOAD src/ASF/common/boards/user_board/init.o
LOAD src/main.o
START GROUP
LOAD c:/program files (x86)/atmel/atmel toolchain/avr8 gcc/native/3.4.1061/avr8-gnu-toolchain/bin/../lib/gcc/avr/4.8.1/../../../../avr/lib/avrxmega2\libm.a
END GROUP
START GROUP
LOAD c:/program files (x86)/atmel/atmel toolchain/avr8 gcc/native/3.4.1061/avr8-gnu-toolchain/bin/../lib/gcc/avr/4.8.1/avrxmega2\libgcc.a
LOAD c:/program files (x86)/atmel/atmel toolchain/avr8 gcc/native/3.4.1061/avr8-gnu-toolchain/bin/../lib/gcc/avr/4.8.1/../../../../avr/lib/avrxmega2\libm.a
LOAD c:/program files (x86)/atmel/atmel toolchain/avr8 gcc/native/3.4.1061/avr8-gnu-toolchain/bin/../lib/gcc/avr/4.8.1/../../../../avr/lib/avrxmega2\libc.a
END GROUP

.hash
 *(.hash)

.dynsym
 *(.dynsym)

.dynstr
 *(.dynstr)

.gnu.version
 *(.gnu.version)

.gnu.version_d
 *(.gnu.version_d)

.gnu.version_r
 *(.gnu.version_r)

.rel.init
 *(.rel.init)

.rela.init
 *(.rela.init)

.rel.text
 *(.rel.text)
 *(.rel.text.*)
 *(.rel.gnu.linkonce.t*)

.rela.text
 *(.rela.text)
 *(.rela.text.*)
 *(.rela.gnu.linkonce.t*)

.rel.fini
 *(.rel.fini)

.rela.fini
 *(.rela.fini)

.rel.rodata
 *(.rel.rodata)
 *(.rel.rodata.*)
 *(.rel.gnu.linkonce.r*)

.rela.rodata
 *(.rela.rodata)
 *(.rela.rodata.*)
 *(.rela.gnu.linkonce.r*)

.rel.data
 *(.rel.data)
 *(.rel.data.*)
 *(.rel.gnu.linkonce.d*)

.rela.data
 *(.rela.data)
 *(.rela.data.*)
 *(.rela.gnu.linkonce.d*)

.rel.ctors
 *(.rel.ctors)

.rela.ctors
 *(.rela.ctors)

.rel.dtors
 *(.rel.dtors)

.rela.dtors
 *(.rela.dtors)

.rel.got
 *(.rel.got)

.rela.got
 *(.rela.got)

.rel.bss
 *(.rel.bss)

.rela.bss
 *(.rela.bss)

.rel.plt
 *(.rel.plt)

.rela.plt
 *(.rela.plt)

.text           0x00000000     0x39b6
 *(.vectors)
 .vectors       0x00000000      0x1fc c:/program files (x86)/atmel/atmel toolchain/avr8 gcc/native/3.4.1061/avr8-gnu-toolchain/bin/../lib/gcc/avr/4.8.1/../../../../avr/lib/avrxmega2/crtx32a4u.o
                0x00000000                __vector_default
                0x00000000                __vectors
 *(.vectors)
 *(.progmem.gcc*)
 .progmem.gcc_sw_table.udd_ep_get_size
                0x000001fc        0xe src/ASF/xmega/drivers/usb/usb_device.o
                0x0000020a                . = ALIGN (0x2)
                0x0000020a                __trampolines_start = .
 *(.trampolines)
 .trampolines   0x0000020a        0x0 linker stubs
 *(.trampolines*)
                0x0000020a                __trampolines_end = .
 *(.progmem*)
                0x0000020a                . = ALIGN (0x2)
 *(.jumptables)
 *(.jumptables*)
 *(.lowtext)
 *(.lowtext*)
                0x0000020a                __ctors_start = .
 *(.ctors)
                0x0000020a                __ctors_end = .
                0x0000020a                __dtors_start = .
 *(.dtors)
                0x0000020a                __dtors_end = .
 SORT(*)(.ctors)
 SORT(*)(.dtors)
 *(.init0)
 .init0         0x0000020a        0x0 c:/program files (x86)/atmel/atmel toolchain/avr8 gcc/native/3.4.1061/avr8-gnu-toolchain/bin/../lib/gcc/avr/4.8.1/../../../../avr/lib/avrxmega2/crtx32a4u.o
                0x0000020a                __init
 *(.init0)
 *(.init1)
 *(.init1)
 *(.init2)
 .init2         0x0000020a        0xc c:/program files (x86)/atmel/atmel toolchain/avr8 gcc/native/3.4.1061/avr8-gnu-toolchain/bin/../lib/gcc/avr/4.8.1/../../../../avr/lib/avrxmega2/crtx32a4u.o
 *(.init2)
 *(.init3)
 *(.init3)
 *(.init4)
 .init4         0x00000216       0x16 c:/program files (x86)/atmel/atmel toolchain/avr8 gcc/native/3.4.1061/avr8-gnu-toolchain/bin/../lib/gcc/avr/4.8.1/avrxmega2\libgcc.a(_copy_data.o)
                0x00000216                __do_copy_data
 .init4         0x0000022c       0x10 c:/program files (x86)/atmel/atmel toolchain/avr8 gcc/native/3.4.1061/avr8-gnu-toolchain/bin/../lib/gcc/avr/4.8.1/avrxmega2\libgcc.a(_clear_bss.o)
                0x0000022c                __do_clear_bss
 *(.init4)
 *(.init5)
 *(.init5)
 *(.init6)
 *(.init6)
 *(.init7)
 *(.init7)
 *(.init8)
 *(.init8)
 *(.init9)
 .init9         0x0000023c        0x8 c:/program files (x86)/atmel/atmel toolchain/avr8 gcc/native/3.4.1061/avr8-gnu-toolchain/bin/../lib/gcc/avr/4.8.1/../../../../avr/lib/avrxmega2/crtx32a4u.o
 *(.init9)
 *(.text)
 .text          0x00000244        0x2 c:/program files (x86)/atmel/atmel toolchain/avr8 gcc/native/3.4.1061/avr8-gnu-toolchain/bin/../lib/gcc/avr/4.8.1/../../../../avr/lib/avrxmega2/crtx32a4u.o
                0x00000244                __vector_38
                0x00000244                __vector_104
                0x00000244                __vector_63
                0x00000244                __vector_28
                0x00000244                __vector_67
                0x00000244                __vector_1
                0x00000244                __vector_119
                0x00000244                __vector_32
                0x00000244                __vector_75
                0x00000244                __vector_71
                0x00000244                __vector_91
                0x00000244                __vector_34
                0x00000244                __vector_62
                0x00000244                __vector_102
                0x00000244                __vector_24
                0x00000244                __vector_12
                0x00000244                __vector_55
                0x00000244                __vector_69
                0x00000244                __vector_90
                0x00000244                __bad_interrupt
                0x00000244                __vector_122
                0x00000244                __vector_72
                0x00000244                __vector_114
                0x00000244                __vector_6
                0x00000244                __vector_110
                0x00000244                __vector_31
                0x00000244                __vector_92
                0x00000244                __vector_35
                0x00000244                __vector_74
                0x00000244                __vector_117
                0x00000244                __vector_39
                0x00000244                __vector_107
                0x00000244                __vector_3
                0x00000244                __vector_105
                0x00000244                __vector_98
                0x00000244                __vector_68
                0x00000244                __vector_30
                0x00000244                __vector_73
                0x00000244                __vector_45
                0x00000244                __vector_25
                0x00000244                __vector_93
                0x00000244                __vector_61
                0x00000244                __vector_11
                0x00000244                __vector_54
                0x00000244                __vector_99
                0x00000244                __vector_56
                0x00000244                __vector_7
                0x00000244                __vector_123
                0x00000244                __vector_41
                0x00000244                __vector_100
                0x00000244                __vector_101
                0x00000244                __vector_64
                0x00000244                __vector_88
                0x00000244                __vector_109
                0x00000244                __vector_43
                0x00000244                __vector_27
                0x00000244                __vector_5
                0x00000244                __vector_113
                0x00000244                __vector_33
                0x00000244                __vector_76
                0x00000244                __vector_115
                0x00000244                __vector_37
                0x00000244                __vector_95
                0x00000244                __vector_103
                0x00000244                __vector_96
                0x00000244                __vector_89
                0x00000244                __vector_108
                0x00000244                __vector_4
                0x00000244                __vector_44
                0x00000244                __vector_106
                0x00000244                __vector_118
                0x00000244                __vector_9
                0x00000244                __vector_2
                0x00000244                __vector_66
                0x00000244                __vector_36
                0x00000244                __vector_58
                0x00000244                __vector_70
                0x00000244                __vector_29
                0x00000244                __vector_60
                0x00000244                __vector_121
                0x00000244                __vector_40
                0x00000244                __vector_94
                0x00000244                __vector_8
                0x00000244                __vector_26
                0x00000244                __vector_124
                0x00000244                __vector_116
                0x00000244                __vector_112
                0x00000244                __vector_111
                0x00000244                __vector_57
                0x00000244                __vector_53
                0x00000244                __vector_10
                0x00000244                __vector_59
                0x00000244                __vector_97
                0x00000244                __vector_42
                0x00000244                __vector_87
                0x00000244                __vector_65
                0x00000244                __vector_120
                0x00000246                . = ALIGN (0x2)
 *(.text.*)
 .text.udi_cdc_comm_enable
                0x00000246       0x70 src/ASF/common/services/usb/class/cdc/device/udi_cdc.o
                0x00000246                udi_cdc_comm_enable
 .text.udi_cdc_comm_disable
                0x000002b6        0xc src/ASF/common/services/usb/class/cdc/device/udi_cdc.o
                0x000002b6                udi_cdc_comm_disable
 .text.udi_cdc_data_disable
                0x000002c2       0x14 src/ASF/common/services/usb/class/cdc/device/udi_cdc.o
                0x000002c2                udi_cdc_data_disable
 .text.udi_cdc_data_setup
                0x000002d6        0x4 src/ASF/common/services/usb/class/cdc/device/udi_cdc.o
                0x000002d6                udi_cdc_data_setup
 .text.udi_cdc_getsetting
                0x000002da        0x4 src/ASF/common/services/usb/class/cdc/device/udi_cdc.o
                0x000002da                udi_cdc_getsetting
 .text.udi_cdc_comm_setup
                0x000002de       0xa0 src/ASF/common/services/usb/class/cdc/device/udi_cdc.o
                0x000002de                udi_cdc_comm_setup
 .text.udi_cdc_line_coding_received
                0x0000037e        0x2 src/ASF/common/services/usb/class/cdc/device/udi_cdc.o
 .text.udi_cdc_tx_send
                0x00000380      0x156 src/ASF/common/services/usb/class/cdc/device/udi_cdc.o
 .text.udi_cdc_data_sent
                0x000004d6       0x30 src/ASF/common/services/usb/class/cdc/device/udi_cdc.o
 .text.udi_cdc_data_sof_notify
                0x00000506        0x6 src/ASF/common/services/usb/class/cdc/device/udi_cdc.o
                0x00000506                udi_cdc_data_sof_notify
 .text.udi_cdc_multi_get_nb_received_data
                0x0000050c       0x26 src/ASF/common/services/usb/class/cdc/device/udi_cdc.o
                0x0000050c                udi_cdc_multi_get_nb_received_data
 .text.udi_cdc_multi_is_rx_ready
                0x00000532        0xe src/ASF/common/services/usb/class/cdc/device/udi_cdc.o
                0x00000532                udi_cdc_multi_is_rx_ready
 .text.udi_cdc_rx_start
                0x00000540       0x8e src/ASF/common/services/usb/class/cdc/device/udi_cdc.o
 .text.udi_cdc_data_enable
                0x000005ce       0x64 src/ASF/common/services/usb/class/cdc/device/udi_cdc.o
                0x000005ce                udi_cdc_data_enable
 .text.udi_cdc_data_received
                0x00000632       0x62 src/ASF/common/services/usb/class/cdc/device/udi_cdc.o
 .text.udi_cdc_is_rx_ready
                0x00000694        0x6 src/ASF/common/services/usb/class/cdc/device/udi_cdc.o
                0x00000694                udi_cdc_is_rx_ready
 .text.udi_cdc_multi_getc
                0x0000069a       0x92 src/ASF/common/services/usb/class/cdc/device/udi_cdc.o
                0x0000069a                udi_cdc_multi_getc
 .text.udi_cdc_getc
                0x0000072c        0x6 src/ASF/common/services/usb/class/cdc/device/udi_cdc.o
                0x0000072c                udi_cdc_getc
 .text.udi_cdc_multi_get_free_tx_buffer
                0x00000732       0x66 src/ASF/common/services/usb/class/cdc/device/udi_cdc.o
                0x00000732                udi_cdc_multi_get_free_tx_buffer
 .text.udi_cdc_multi_is_tx_ready
                0x00000798        0xe src/ASF/common/services/usb/class/cdc/device/udi_cdc.o
                0x00000798                udi_cdc_multi_is_tx_ready
 .text.udi_cdc_multi_putc
                0x000007a6       0x8a src/ASF/common/services/usb/class/cdc/device/udi_cdc.o
                0x000007a6                udi_cdc_multi_putc
 .text.udi_cdc_putc
                0x00000830        0x8 src/ASF/common/services/usb/class/cdc/device/udi_cdc.o
                0x00000830                udi_cdc_putc
 .text.udc_next_desc_in_iface
                0x00000838       0x6a src/ASF/common/services/usb/udc/udc.o
 .text.udc_valid_address
                0x000008a2        0xc src/ASF/common/services/usb/udc/udc.o
 .text.udc_update_iface_desc
                0x000008ae       0x74 src/ASF/common/services/usb/udc/udc.o
 .text.udc_iface_disable
                0x00000922       0x84 src/ASF/common/services/usb/udc/udc.o
 .text.udc_iface_enable
                0x000009a6       0x66 src/ASF/common/services/usb/udc/udc.o
 .text.udc_start
                0x00000a0c        0x6 src/ASF/common/services/usb/udc/udc.o
                0x00000a0c                udc_start
 .text.udc_reset
                0x00000a12       0x4e src/ASF/common/services/usb/udc/udc.o
                0x00000a12                udc_reset
 .text.udc_sof_notify
                0x00000a60       0x5e src/ASF/common/services/usb/udc/udc.o
                0x00000a60                udc_sof_notify
 .text.udc_process_setup
                0x00000abe      0x536 src/ASF/common/services/usb/udc/udc.o
                0x00000abe                udc_process_setup
 .text.__vector_14
                0x00000ff4       0x52 src/ASF/xmega/drivers/tc/tc.o
                0x00000ff4                __vector_14
 .text.__vector_15
                0x00001046       0x52 src/ASF/xmega/drivers/tc/tc.o
                0x00001046                __vector_15
 .text.__vector_16
                0x00001098       0x52 src/ASF/xmega/drivers/tc/tc.o
                0x00001098                __vector_16
 .text.__vector_17
                0x000010ea       0x52 src/ASF/xmega/drivers/tc/tc.o
                0x000010ea                __vector_17
 .text.__vector_18
                0x0000113c       0x52 src/ASF/xmega/drivers/tc/tc.o
                0x0000113c                __vector_18
 .text.__vector_19
                0x0000118e       0x52 src/ASF/xmega/drivers/tc/tc.o
                0x0000118e                __vector_19
 .text.__vector_20
                0x000011e0       0x52 src/ASF/xmega/drivers/tc/tc.o
                0x000011e0                __vector_20
 .text.__vector_21
                0x00001232       0x52 src/ASF/xmega/drivers/tc/tc.o
                0x00001232                __vector_21
 .text.__vector_22
                0x00001284       0x52 src/ASF/xmega/drivers/tc/tc.o
                0x00001284                __vector_22
 .text.__vector_23
                0x000012d6       0x52 src/ASF/xmega/drivers/tc/tc.o
                0x000012d6                __vector_23
 .text.__vector_77
                0x00001328       0x52 src/ASF/xmega/drivers/tc/tc.o
                0x00001328                __vector_77
 .text.__vector_78
                0x0000137a       0x52 src/ASF/xmega/drivers/tc/tc.o
                0x0000137a                __vector_78
 .text.__vector_79
                0x000013cc       0x52 src/ASF/xmega/drivers/tc/tc.o
                0x000013cc                __vector_79
 .text.__vector_80
                0x0000141e       0x52 src/ASF/xmega/drivers/tc/tc.o
                0x0000141e                __vector_80
 .text.__vector_81
                0x00001470       0x52 src/ASF/xmega/drivers/tc/tc.o
                0x00001470                __vector_81
 .text.__vector_82
                0x000014c2       0x52 src/ASF/xmega/drivers/tc/tc.o
                0x000014c2                __vector_82
 .text.__vector_83
                0x00001514       0x52 src/ASF/xmega/drivers/tc/tc.o
                0x00001514                __vector_83
 .text.__vector_84
                0x00001566       0x52 src/ASF/xmega/drivers/tc/tc.o
                0x00001566                __vector_84
 .text.__vector_85
                0x000015b8       0x52 src/ASF/xmega/drivers/tc/tc.o
                0x000015b8                __vector_85
 .text.__vector_86
                0x0000160a       0x52 src/ASF/xmega/drivers/tc/tc.o
                0x0000160a                __vector_86
 .text.__vector_47
                0x0000165c       0x52 src/ASF/xmega/drivers/tc/tc.o
                0x0000165c                __vector_47
 .text.__vector_48
                0x000016ae       0x52 src/ASF/xmega/drivers/tc/tc.o
                0x000016ae                __vector_48
 .text.__vector_49
                0x00001700       0x52 src/ASF/xmega/drivers/tc/tc.o
                0x00001700                __vector_49
 .text.__vector_50
                0x00001752       0x52 src/ASF/xmega/drivers/tc/tc.o
                0x00001752                __vector_50
 .text.__vector_51
                0x000017a4       0x52 src/ASF/xmega/drivers/tc/tc.o
                0x000017a4                __vector_51
 .text.__vector_52
                0x000017f6       0x52 src/ASF/xmega/drivers/tc/tc.o
                0x000017f6                __vector_52
 .text.twim_interrupt_handler
                0x00001848      0x13a src/ASF/xmega/drivers/twi/twim.o
 .text.__vector_13
                0x00001982       0x46 src/ASF/xmega/drivers/twi/twim.o
                0x00001982                __vector_13
 .text.__vector_46
                0x000019c8       0x46 src/ASF/xmega/drivers/twi/twim.o
                0x000019c8                __vector_46
 .text.udd_sleep_mode
                0x00001a0e       0x3e src/ASF/xmega/drivers/usb/usb_device.o
 .text.udd_ctrl_init
                0x00001a4c       0x56 src/ASF/xmega/drivers/usb/usb_device.o
 .text.udd_ctrl_stall_data
                0x00001aa2       0x1c src/ASF/xmega/drivers/usb/usb_device.o
 .text.udd_ctrl_send_zlp_in
                0x00001abe       0x1c src/ASF/xmega/drivers/usb/usb_device.o
 .text.udd_ctrl_endofrequest
                0x00001ada       0x10 src/ASF/xmega/drivers/usb/usb_device.o
 .text.udd_ctrl_in_sent
                0x00001aea       0xdc src/ASF/xmega/drivers/usb/usb_device.o
 .text.udd_ep_get_size
                0x00001bc6       0x4a src/ASF/xmega/drivers/usb/usb_device.o
 .text.udd_ep_get_job
                0x00001c10       0x36 src/ASF/xmega/drivers/usb/usb_device.o
 .text.udd_ctrl_interrupt_tc_setup
                0x00001c46       0xe0 src/ASF/xmega/drivers/usb/usb_device.o
 .text.udd_ep_trans_complet
                0x00001d26      0x228 src/ASF/xmega/drivers/usb/usb_device.o
 .text.udd_attach
                0x00001f4e       0x46 src/ASF/xmega/drivers/usb/usb_device.o
                0x00001f4e                udd_attach
 .text.udd_enable
                0x00001f94       0xe2 src/ASF/xmega/drivers/usb/usb_device.o
                0x00001f94                udd_enable
 .text.udd_is_high_speed
                0x00002076        0x4 src/ASF/xmega/drivers/usb/usb_device.o
                0x00002076                udd_is_high_speed
 .text.udd_set_address
                0x0000207a        0x6 src/ASF/xmega/drivers/usb/usb_device.o
                0x0000207a                udd_set_address
 .text.udd_getaddress
                0x00002080        0x6 src/ASF/xmega/drivers/usb/usb_device.o
                0x00002080                udd_getaddress
 .text.udd_get_frame_number
                0x00002086        0xa src/ASF/xmega/drivers/usb/usb_device.o
                0x00002086                udd_get_frame_number
 .text.udd_get_micro_frame_number
                0x00002090        0x6 src/ASF/xmega/drivers/usb/usb_device.o
                0x00002090                udd_get_micro_frame_number
 .text.udd_set_setup_payload
                0x00002096       0x12 src/ASF/xmega/drivers/usb/usb_device.o
                0x00002096                udd_set_setup_payload
 .text.udd_ep_alloc
                0x000020a8       0xc2 src/ASF/xmega/drivers/usb/usb_device.o
                0x000020a8                udd_ep_alloc
 .text.udd_ep_is_halted
                0x0000216a       0x36 src/ASF/xmega/drivers/usb/usb_device.o
                0x0000216a                udd_ep_is_halted
 .text.udd_ep_clear_halt
                0x000021a0       0x54 src/ASF/xmega/drivers/usb/usb_device.o
                0x000021a0                udd_ep_clear_halt
 .text.udd_ep_run
                0x000021f4      0x110 src/ASF/xmega/drivers/usb/usb_device.o
                0x000021f4                udd_ep_run
 .text.udd_ep_abort
                0x00002304       0x72 src/ASF/xmega/drivers/usb/usb_device.o
                0x00002304                udd_ep_abort
 .text.udd_ep_free
                0x00002376       0x3a src/ASF/xmega/drivers/usb/usb_device.o
                0x00002376                udd_ep_free
 .text.udd_ep_set_halt
                0x000023b0       0x42 src/ASF/xmega/drivers/usb/usb_device.o
                0x000023b0                udd_ep_set_halt
 .text.__vector_125
                0x000023f2      0x16c src/ASF/xmega/drivers/usb/usb_device.o
                0x000023f2                __vector_125
 .text.__vector_126
                0x0000255e      0x1d2 src/ASF/xmega/drivers/usb/usb_device.o
                0x0000255e                __vector_126
 .text.sysclk_init
                0x00002730       0xd0 src/ASF/common/services/clock/xmega/sysclk.o
                0x00002730                sysclk_init
 .text.sysclk_enable_module
                0x00002800       0x18 src/ASF/common/services/clock/xmega/sysclk.o
                0x00002800                sysclk_enable_module
 .text.sysclk_enable_usb
                0x00002818       0x6c src/ASF/common/services/clock/xmega/sysclk.o
                0x00002818                sysclk_enable_usb
 .text.nvm_read_byte
                0x00002884       0x14 src/ASF/xmega/drivers/nvm/nvm_asm.o
                0x00002884                nvm_read_byte
 .text.ccp_write_io
                0x00002898        0xc src/ASF/xmega/drivers/cpu/ccp.o
                0x00002898                ccp_write_io
 .text.DHT11_read
                0x000028a4      0x28c src/OctoPlus/drivers/DHT11.o
                0x000028a4                DHT11_read
 .text.init_OctoPlus
                0x00002b30        0xa src/OctoPlus/drivers/OctoPlus.o
                0x00002b30                init_OctoPlus
 .text.leds_init
                0x00002b3a       0x16 src/OctoPlus/drivers/leds.o
                0x00002b3a                leds_init
 .text.led1     0x00002b50       0x30 src/OctoPlus/drivers/leds.o
                0x00002b50                led1
 .text.led2     0x00002b80       0x30 src/OctoPlus/drivers/leds.o
                0x00002b80                led2
 .text.led3     0x00002bb0       0x30 src/OctoPlus/drivers/leds.o
                0x00002bb0                led3
 .text.led4     0x00002be0       0x30 src/OctoPlus/drivers/leds.o
                0x00002be0                led4
 .text.animation
                0x00002c10      0x41e src/OctoPlus/drivers/leds.o
                0x00002c10                animation
 .text.switch_init
                0x0000302e        0xa src/OctoPlus/drivers/switch.o
                0x0000302e                switch_init
 .text.usb_putchar_printf
                0x00003038       0x24 src/OctoPlus/drivers/usb_serial.o
                0x00003038                usb_putchar_printf
 .text.usb_getchar_scanf
                0x0000305c       0x2a src/OctoPlus/drivers/usb_serial.o
                0x0000305c                usb_getchar_scanf
 .text.usb_init
                0x00003086       0x28 src/OctoPlus/drivers/usb_serial.o
                0x00003086                usb_init
 .text.main     0x000030ae       0x26 src/main.o
                0x000030ae                main
 .text.avr-libc.fplib
                0x000030d4        0x4 c:/program files (x86)/atmel/atmel toolchain/avr8 gcc/native/3.4.1061/avr8-gnu-toolchain/bin/../lib/gcc/avr/4.8.1/../../../../avr/lib/avrxmega2\libm.a(divsf3.o)
                0x000030d4                __divsf3
 .text.avr-libc.fplib
                0x000030d8       0xcc c:/program files (x86)/atmel/atmel toolchain/avr8 gcc/native/3.4.1061/avr8-gnu-toolchain/bin/../lib/gcc/avr/4.8.1/../../../../avr/lib/avrxmega2\libm.a(divsf3x.o)
                0x000030ee                __divsf3x
                0x000030f2                __divsf3_pse
 .text.avr-libc.fplib
                0x000031a4       0x74 c:/program files (x86)/atmel/atmel toolchain/avr8 gcc/native/3.4.1061/avr8-gnu-toolchain/bin/../lib/gcc/avr/4.8.1/../../../../avr/lib/avrxmega2\libm.a(fixsfdi.o)
                0x000031a4                __fixsfdi
                0x000031ae                __fixunssfdi
 .text.avr-libc.fplib
                0x00003218       0x7c c:/program files (x86)/atmel/atmel toolchain/avr8 gcc/native/3.4.1061/avr8-gnu-toolchain/bin/../lib/gcc/avr/4.8.1/../../../../avr/lib/avrxmega2\libm.a(floatundisf.o)
                0x00003218                __floatundisf
                0x0000321a                __fp_di2sf
 .text.avr-libc.fplib
                0x00003294        0xc c:/program files (x86)/atmel/atmel toolchain/avr8 gcc/native/3.4.1061/avr8-gnu-toolchain/bin/../lib/gcc/avr/4.8.1/../../../../avr/lib/avrxmega2\libm.a(fp_inf.o)
                0x00003294                __fp_inf
 .text.avr-libc.fplib
                0x000032a0        0x6 c:/program files (x86)/atmel/atmel toolchain/avr8 gcc/native/3.4.1061/avr8-gnu-toolchain/bin/../lib/gcc/avr/4.8.1/../../../../avr/lib/avrxmega2\libm.a(fp_nan.o)
                0x000032a0                __fp_nan
 .text.avr-libc.fplib
                0x000032a6       0x20 c:/program files (x86)/atmel/atmel toolchain/avr8 gcc/native/3.4.1061/avr8-gnu-toolchain/bin/../lib/gcc/avr/4.8.1/../../../../avr/lib/avrxmega2\libm.a(fp_negdi.o)
                0x000032a6                __fp_negdi
 .text.avr-libc.fplib
                0x000032c6        0xe c:/program files (x86)/atmel/atmel toolchain/avr8 gcc/native/3.4.1061/avr8-gnu-toolchain/bin/../lib/gcc/avr/4.8.1/../../../../avr/lib/avrxmega2\libm.a(fp_pscA.o)
                0x000032c6                __fp_pscA
 .text.avr-libc.fplib
                0x000032d4        0xe c:/program files (x86)/atmel/atmel toolchain/avr8 gcc/native/3.4.1061/avr8-gnu-toolchain/bin/../lib/gcc/avr/4.8.1/../../../../avr/lib/avrxmega2\libm.a(fp_pscB.o)
                0x000032d4                __fp_pscB
 .text.avr-libc.fplib
                0x000032e2       0x22 c:/program files (x86)/atmel/atmel toolchain/avr8 gcc/native/3.4.1061/avr8-gnu-toolchain/bin/../lib/gcc/avr/4.8.1/../../../../avr/lib/avrxmega2\libm.a(fp_round.o)
                0x000032e2                __fp_round
 .text.avr-libc.fplib
                0x00003304       0x44 c:/program files (x86)/atmel/atmel toolchain/avr8 gcc/native/3.4.1061/avr8-gnu-toolchain/bin/../lib/gcc/avr/4.8.1/../../../../avr/lib/avrxmega2\libm.a(fp_split3.o)
                0x00003304                __fp_split3
                0x00003314                __fp_splitA
 .text.avr-libc.fplib
                0x00003348        0xe c:/program files (x86)/atmel/atmel toolchain/avr8 gcc/native/3.4.1061/avr8-gnu-toolchain/bin/../lib/gcc/avr/4.8.1/../../../../avr/lib/avrxmega2\libm.a(fp_zero.o)
                0x00003348                __fp_zero
                0x0000334a                __fp_szero
 .text.libgcc.div
                0x00003356       0x28 c:/program files (x86)/atmel/atmel toolchain/avr8 gcc/native/3.4.1061/avr8-gnu-toolchain/bin/../lib/gcc/avr/4.8.1/avrxmega2\libgcc.a(_udivmodhi4.o)
                0x00003356                __udivmodhi4
 .text.libgcc   0x0000337e        0xc c:/program files (x86)/atmel/atmel toolchain/avr8 gcc/native/3.4.1061/avr8-gnu-toolchain/bin/../lib/gcc/avr/4.8.1/avrxmega2\libgcc.a(_tablejump.o)
                0x0000337e                __tablejump2__
                0x00003382                __tablejump__
 .text.libgcc.mul
                0x0000338a       0x1e c:/program files (x86)/atmel/atmel toolchain/avr8 gcc/native/3.4.1061/avr8-gnu-toolchain/bin/../lib/gcc/avr/4.8.1/avrxmega2\libgcc.a(_umulhisi3.o)
                0x0000338a                __umulhisi3
 .text.libgcc.mul
                0x000033a8       0x92 c:/program files (x86)/atmel/atmel toolchain/avr8 gcc/native/3.4.1061/avr8-gnu-toolchain/bin/../lib/gcc/avr/4.8.1/avrxmega2\libgcc.a(_muldi3.o)
                0x000033a8                __muldi3
 .text.libgcc.mul
                0x0000343a       0x10 c:/program files (x86)/atmel/atmel toolchain/avr8 gcc/native/3.4.1061/avr8-gnu-toolchain/bin/../lib/gcc/avr/4.8.1/avrxmega2\libgcc.a(_muldi3_6.o)
                0x0000343a                __muldi3_6
 .text.avr-libc
                0x0000344a       0x12 c:/program files (x86)/atmel/atmel toolchain/avr8 gcc/native/3.4.1061/avr8-gnu-toolchain/bin/../lib/gcc/avr/4.8.1/../../../../avr/lib/avrxmega2\libc.a(memcpy.o)
                0x0000344a                memcpy
 .text.avr-libc
                0x0000345c       0x22 c:/program files (x86)/atmel/atmel toolchain/avr8 gcc/native/3.4.1061/avr8-gnu-toolchain/bin/../lib/gcc/avr/4.8.1/../../../../avr/lib/avrxmega2\libc.a(printf.o)
                0x0000345c                printf
 .text.avr-libc
                0x0000347e      0x386 c:/program files (x86)/atmel/atmel toolchain/avr8 gcc/native/3.4.1061/avr8-gnu-toolchain/bin/../lib/gcc/avr/4.8.1/../../../../avr/lib/avrxmega2\libc.a(vfprintf_std.o)
                0x0000347e                vfprintf
 .text.avr-libc
                0x00003804       0x16 c:/program files (x86)/atmel/atmel toolchain/avr8 gcc/native/3.4.1061/avr8-gnu-toolchain/bin/../lib/gcc/avr/4.8.1/../../../../avr/lib/avrxmega2\libc.a(strnlen_P.o)
                0x00003804                strnlen_P
 .text.avr-libc
                0x0000381a       0x16 c:/program files (x86)/atmel/atmel toolchain/avr8 gcc/native/3.4.1061/avr8-gnu-toolchain/bin/../lib/gcc/avr/4.8.1/../../../../avr/lib/avrxmega2\libc.a(strnlen.o)
                0x0000381a                strnlen
 .text.avr-libc
                0x00003830       0x64 c:/program files (x86)/atmel/atmel toolchain/avr8 gcc/native/3.4.1061/avr8-gnu-toolchain/bin/../lib/gcc/avr/4.8.1/../../../../avr/lib/avrxmega2\libc.a(fputc.o)
                0x00003830                fputc
 .text.avr-libc
                0x00003894       0xbc c:/program files (x86)/atmel/atmel toolchain/avr8 gcc/native/3.4.1061/avr8-gnu-toolchain/bin/../lib/gcc/avr/4.8.1/../../../../avr/lib/avrxmega2\libc.a(ultoa_invert.o)
                0x00003894                __ultoa_invert
 .text.libgcc.prologue
                0x00003950       0x32 c:/program files (x86)/atmel/atmel toolchain/avr8 gcc/native/3.4.1061/avr8-gnu-toolchain/bin/../lib/gcc/avr/4.8.1/avrxmega2\libgcc.a(_prologue.o)
                0x00003950                __prologue_saves__
 .text.libgcc.prologue
                0x00003982       0x30 c:/program files (x86)/atmel/atmel toolchain/avr8 gcc/native/3.4.1061/avr8-gnu-toolchain/bin/../lib/gcc/avr/4.8.1/avrxmega2\libgcc.a(_epilogue.o)
                0x00003982                __epilogue_restores__
                0x000039b2                . = ALIGN (0x2)
 *(.fini9)
 .fini9         0x000039b2        0x0 c:/program files (x86)/atmel/atmel toolchain/avr8 gcc/native/3.4.1061/avr8-gnu-toolchain/bin/../lib/gcc/avr/4.8.1/avrxmega2\libgcc.a(_exit.o)
                0x000039b2                _exit
                0x000039b2                exit
 *(.fini9)
 *(.fini8)
 *(.fini8)
 *(.fini7)
 *(.fini7)
 *(.fini6)
 *(.fini6)
 *(.fini5)
 *(.fini5)
 *(.fini4)
 *(.fini4)
 *(.fini3)
 *(.fini3)
 *(.fini2)
 *(.fini2)
 *(.fini1)
 *(.fini1)
 *(.fini0)
 .fini0         0x000039b2        0x4 c:/program files (x86)/atmel/atmel toolchain/avr8 gcc/native/3.4.1061/avr8-gnu-toolchain/bin/../lib/gcc/avr/4.8.1/avrxmega2\libgcc.a(_exit.o)
 *(.fini0)
                0x000039b6                _etext = .

.data           0x00802000       0xa4 load address 0x000039b6
                0x00802000                PROVIDE (__data_start, .)
 *(.data)
 *(.data*)
 .data.udi_api_cdc_data
                0x00802000        0xa src/ASF/common/services/usb/class/cdc/device/udi_cdc.o
                0x00802000                udi_api_cdc_data
 .data.udi_api_cdc_comm
                0x0080200a        0xa src/ASF/common/services/usb/class/cdc/device/udi_cdc.o
                0x0080200a                udi_api_cdc_comm
 .data.udc_string_desc_languageid
                0x00802014        0x4 src/ASF/common/services/usb/udc/udc.o
 .data.udc_config
                0x00802018        0x6 src/ASF/common/services/usb/class/cdc/device/udi_cdc_desc.o
                0x00802018                udc_config
 .data.udc_config_fs
                0x0080201e        0x4 src/ASF/common/services/usb/class/cdc/device/udi_cdc_desc.o
                0x0080201e                udc_config_fs
 .data.udi_apis
                0x00802022        0x4 src/ASF/common/services/usb/class/cdc/device/udi_cdc_desc.o
                0x00802022                udi_apis
 .data.udc_desc_fs
                0x00802026       0x44 src/ASF/common/services/usb/class/cdc/device/udi_cdc_desc.o
                0x00802026                udc_desc_fs
 .data.udc_device_desc
                0x0080206a       0x12 src/ASF/common/services/usb/class/cdc/device/udi_cdc_desc.o
                0x0080206a                udc_device_desc
 .data.mystdout
                0x0080207c        0xe src/OctoPlus/drivers/usb_serial.o
 *(.rodata)
 *(.rodata*)
 .rodata.str1.1
                0x0080208a       0x1a src/OctoPlus/drivers/DHT11.o
 *(.gnu.linkonce.d*)
                0x008020a4                . = ALIGN (0x2)
                0x008020a4                _edata = .
                0x008020a4                PROVIDE (__data_end, .)

.bss            0x008020a4      0x2bd
                0x008020a4                PROVIDE (__bss_start, .)
 *(.bss)
 *(.bss*)
 .bss.sof_zlp_counter.4824
                0x008020a4        0x2 src/ASF/common/services/usb/class/cdc/device/udi_cdc.o
 .bss.udi_cdc_tx_both_buf_to_send
                0x008020a6        0x1 src/ASF/common/services/usb/class/cdc/device/udi_cdc.o
 .bss.udi_cdc_tx_trans_ongoing
                0x008020a7        0x1 src/ASF/common/services/usb/class/cdc/device/udi_cdc.o
 .bss.udi_cdc_tx_sof_num
                0x008020a8        0x2 src/ASF/common/services/usb/class/cdc/device/udi_cdc.o
 .bss.udi_cdc_tx_buf_sel
                0x008020aa        0x1 src/ASF/common/services/usb/class/cdc/device/udi_cdc.o
 .bss.udi_cdc_tx_buf_nb
                0x008020ab        0x4 src/ASF/common/services/usb/class/cdc/device/udi_cdc.o
 *fill*         0x008020af        0x1 
 .bss.udi_cdc_tx_buf
                0x008020b0       0x80 src/ASF/common/services/usb/class/cdc/device/udi_cdc.o
 .bss.udi_cdc_rx_trans_ongoing
                0x00802130        0x1 src/ASF/common/services/usb/class/cdc/device/udi_cdc.o
 .bss.udi_cdc_rx_pos
                0x00802131        0x2 src/ASF/common/services/usb/class/cdc/device/udi_cdc.o
 .bss.udi_cdc_rx_buf_sel
                0x00802133        0x1 src/ASF/common/services/usb/class/cdc/device/udi_cdc.o
 .bss.udi_cdc_rx_buf_nb
                0x00802134        0x4 src/ASF/common/services/usb/class/cdc/device/udi_cdc.o
 .bss.udi_cdc_rx_buf
                0x00802138       0x80 src/ASF/common/services/usb/class/cdc/device/udi_cdc.o
 .bss.udi_cdc_data_running
                0x008021b8        0x1 src/ASF/common/services/usb/class/cdc/device/udi_cdc.o
 .bss.udi_cdc_nb_data_enabled
                0x008021b9        0x1 src/ASF/common/services/usb/class/cdc/device/udi_cdc.o
 .bss.udi_cdc_nb_comm_enabled
                0x008021ba        0x1 src/ASF/common/services/usb/class/cdc/device/udi_cdc.o
 *fill*         0x008021bb        0x1 
 .bss.uid_cdc_state_msg
                0x008021bc        0xa src/ASF/common/services/usb/class/cdc/device/udi_cdc.o
 .bss.udi_cdc_state
                0x008021c6        0x2 src/ASF/common/services/usb/class/cdc/device/udi_cdc.o
 .bss.udi_cdc_line_coding
                0x008021c8        0x7 src/ASF/common/services/usb/class/cdc/device/udi_cdc.o
 .bss.udc_ep_status.4528
                0x008021cf        0x2 src/ASF/common/services/usb/udc/udc.o
 .bss.udc_iface_setting.4585
                0x008021d1        0x1 src/ASF/common/services/usb/udc/udc.o
 .bss.udc_ptr_iface
                0x008021d2        0x2 src/ASF/common/services/usb/udc/udc.o
 .bss.udc_ptr_conf
                0x008021d4        0x2 src/ASF/common/services/usb/udc/udc.o
 .bss.udc_num_configuration
                0x008021d6        0x1 src/ASF/common/services/usb/udc/udc.o
 .bss.udc_device_status
                0x008021d7        0x2 src/ASF/common/services/usb/udc/udc.o
 .bss.tc_tce0_ccd_callback
                0x008021d9        0x2 src/ASF/xmega/drivers/tc/tc.o
 .bss.tc_tce0_ccc_callback
                0x008021db        0x2 src/ASF/xmega/drivers/tc/tc.o
 .bss.tc_tce0_ccb_callback
                0x008021dd        0x2 src/ASF/xmega/drivers/tc/tc.o
 .bss.tc_tce0_cca_callback
                0x008021df        0x2 src/ASF/xmega/drivers/tc/tc.o
 .bss.tc_tce0_err_callback
                0x008021e1        0x2 src/ASF/xmega/drivers/tc/tc.o
 .bss.tc_tce0_ovf_callback
                0x008021e3        0x2 src/ASF/xmega/drivers/tc/tc.o
 .bss.tc_tcd1_ccb_callback
                0x008021e5        0x2 src/ASF/xmega/drivers/tc/tc.o
 .bss.tc_tcd1_cca_callback
                0x008021e7        0x2 src/ASF/xmega/drivers/tc/tc.o
 .bss.tc_tcd1_err_callback
                0x008021e9        0x2 src/ASF/xmega/drivers/tc/tc.o
 .bss.tc_tcd1_ovf_callback
                0x008021eb        0x2 src/ASF/xmega/drivers/tc/tc.o
 .bss.tc_tcd0_ccd_callback
                0x008021ed        0x2 src/ASF/xmega/drivers/tc/tc.o
 .bss.tc_tcd0_ccc_callback
                0x008021ef        0x2 src/ASF/xmega/drivers/tc/tc.o
 .bss.tc_tcd0_ccb_callback
                0x008021f1        0x2 src/ASF/xmega/drivers/tc/tc.o
 .bss.tc_tcd0_cca_callback
                0x008021f3        0x2 src/ASF/xmega/drivers/tc/tc.o
 .bss.tc_tcd0_err_callback
                0x008021f5        0x2 src/ASF/xmega/drivers/tc/tc.o
 .bss.tc_tcd0_ovf_callback
                0x008021f7        0x2 src/ASF/xmega/drivers/tc/tc.o
 .bss.tc_tcc1_ccb_callback
                0x008021f9        0x2 src/ASF/xmega/drivers/tc/tc.o
 .bss.tc_tcc1_cca_callback
                0x008021fb        0x2 src/ASF/xmega/drivers/tc/tc.o
 .bss.tc_tcc1_err_callback
                0x008021fd        0x2 src/ASF/xmega/drivers/tc/tc.o
 .bss.tc_tcc1_ovf_callback
                0x008021ff        0x2 src/ASF/xmega/drivers/tc/tc.o
 .bss.tc_tcc0_ccd_callback
                0x00802201        0x2 src/ASF/xmega/drivers/tc/tc.o
 .bss.tc_tcc0_ccc_callback
                0x00802203        0x2 src/ASF/xmega/drivers/tc/tc.o
 .bss.tc_tcc0_ccb_callback
                0x00802205        0x2 src/ASF/xmega/drivers/tc/tc.o
 .bss.tc_tcc0_cca_callback
                0x00802207        0x2 src/ASF/xmega/drivers/tc/tc.o
 .bss.tc_tcc0_err_callback
                0x00802209        0x2 src/ASF/xmega/drivers/tc/tc.o
 .bss.tc_tcc0_ovf_callback
                0x0080220b        0x2 src/ASF/xmega/drivers/tc/tc.o
 .bss.transfer  0x0080220d        0xb src/ASF/xmega/drivers/twi/twim.o
 .bss.b_shortpacket.5233
                0x00802218        0x1 src/ASF/xmega/drivers/usb/usb_device.o
 .bss.udd_ep_out_cache_buffer
                0x00802219       0x80 src/ASF/xmega/drivers/usb/usb_device.o
 .bss.udd_ep_job
                0x00802299       0x24 src/ASF/xmega/drivers/usb/usb_device.o
 .bss.udd_ctrl_buffer
                0x008022bd       0x40 src/ASF/xmega/drivers/usb/usb_device.o
 .bss.udd_ctrl_payload_nb_trans
                0x008022fd        0x2 src/ASF/xmega/drivers/usb/usb_device.o
 .bss.udd_ctrl_prev_payload_nb_trans
                0x008022ff        0x2 src/ASF/xmega/drivers/usb/usb_device.o
 .bss.udd_ep_control_state
                0x00802301        0x1 src/ASF/xmega/drivers/usb/usb_device.o
 *fill*         0x00802302        0x2 
 .bss.udd_sram  0x00802304       0x40 src/ASF/xmega/drivers/usb/usb_device.o
 .bss.udd_b_idle
                0x00802344        0x1 src/ASF/xmega/drivers/usb/usb_device.o
 *(COMMON)
 COMMON         0x00802345       0x10 src/ASF/xmega/drivers/usb/usb_device.o
                0x00802345                udd_g_ctrlreq
 COMMON         0x00802355        0x6 src/ASF/common/services/sleepmgr/xmega/sleepmgr.o
                0x00802355                sleepmgr_locks
 COMMON         0x0080235b        0x6 c:/program files (x86)/atmel/atmel toolchain/avr8 gcc/native/3.4.1061/avr8-gnu-toolchain/bin/../lib/gcc/avr/4.8.1/../../../../avr/lib/avrxmega2\libc.a(iob.o)
                0x0080235b                __iob
                0x00802361                PROVIDE (__bss_end, .)
                0x000039b6                __data_load_start = LOADADDR (.data)
                0x00003a5a                __data_load_end = (__data_load_start + SIZEOF (.data))

.noinit         0x00802361        0x0
                0x00802361                PROVIDE (__noinit_start, .)
 *(.noinit*)
                0x00802361                PROVIDE (__noinit_end, .)
                0x00802361                _end = .
                0x00802361                PROVIDE (__heap_start, .)

.eeprom         0x00810000        0x0
 *(.eeprom*)
                0x00810000                __eeprom_end = .

.fuse
 *(.fuse)
 *(.lfuse)
 *(.hfuse)
 *(.efuse)

.lock
 *(.lock*)

.signature
 *(.signature*)

.user_signatures
 *(.user_signatures*)

.stab
 *(.stab)

.stabstr
 *(.stabstr)

.stab.excl
 *(.stab.excl)

.stab.exclstr
 *(.stab.exclstr)

.stab.index
 *(.stab.index)

.stab.indexstr
 *(.stab.indexstr)

.comment        0x00000000       0x5c
 *(.comment)
 .comment       0x00000000       0x30 src/ASF/common/services/usb/class/cdc/device/udi_cdc.o
                                 0x31 (size before relaxing)
 .comment       0x00000000       0x31 src/ASF/common/services/usb/udc/udc.o
 .comment       0x00000000       0x31 src/ASF/xmega/drivers/tc/tc.o
 .comment       0x00000000       0x31 src/ASF/xmega/drivers/twi/twim.o
 .comment       0x00000000       0x31 src/ASF/xmega/drivers/usb/usb_device.o
 .comment       0x00000000       0x31 src/ASF/common/services/usb/class/cdc/device/udi_cdc_desc.o
 .comment       0x00000000       0x31 src/ASF/common/services/sleepmgr/xmega/sleepmgr.o
 .comment       0x00000000       0x31 src/ASF/common/services/clock/xmega/sysclk.o
 .comment       0x00000000       0x31 src/OctoPlus/drivers/DHT11.o
 .comment       0x00000000       0x31 src/OctoPlus/drivers/OctoPlus.o
 .comment       0x00000000       0x31 src/OctoPlus/drivers/leds.o
 .comment       0x00000000       0x31 src/OctoPlus/drivers/switch.o
 .comment       0x00000000       0x31 src/OctoPlus/drivers/usb_serial.o
 .comment       0x00000000       0x31 src/main.o
 .comment       0x00000000       0x31 c:/program files (x86)/atmel/atmel toolchain/avr8 gcc/native/3.4.1061/avr8-gnu-toolchain/bin/../lib/gcc/avr/4.8.1/../../../../avr/lib/avrxmega2\libc.a(iob.o)
 .comment       0x00000000       0x31 c:/program files (x86)/atmel/atmel toolchain/avr8 gcc/native/3.4.1061/avr8-gnu-toolchain/bin/../lib/gcc/avr/4.8.1/../../../../avr/lib/avrxmega2\libc.a(printf.o)
 .comment       0x00000030       0x2c c:/program files (x86)/atmel/atmel toolchain/avr8 gcc/native/3.4.1061/avr8-gnu-toolchain/bin/../lib/gcc/avr/4.8.1/../../../../avr/lib/avrxmega2\libc.a(vfprintf_std.o)
                                 0x2d (size before relaxing)
 .comment       0x00000000       0x31 c:/program files (x86)/atmel/atmel toolchain/avr8 gcc/native/3.4.1061/avr8-gnu-toolchain/bin/../lib/gcc/avr/4.8.1/../../../../avr/lib/avrxmega2\libc.a(fputc.o)

.note.gnu.build-id
 *(.note.gnu.build-id)

.debug
 *(.debug)

.line
 *(.line)

.debug_srcinfo
 *(.debug_srcinfo)

.debug_sfnames
 *(.debug_sfnames)

.debug_aranges  0x00000000      0x650
 *(.debug_aranges)
 .debug_aranges
                0x00000000      0x168 src/ASF/common/services/usb/class/cdc/device/udi_cdc.o
 .debug_aranges
                0x00000168       0x70 src/ASF/common/services/usb/udc/udc.o
 .debug_aranges
                0x000001d8      0x128 src/ASF/xmega/drivers/tc/tc.o
 .debug_aranges
                0x00000300       0x40 src/ASF/xmega/drivers/twi/twim.o
 .debug_aranges
                0x00000340      0x120 src/ASF/xmega/drivers/usb/usb_device.o
 .debug_aranges
                0x00000460       0x18 src/ASF/common/services/usb/class/cdc/device/udi_cdc_desc.o
 .debug_aranges
                0x00000478       0x18 src/ASF/common/services/sleepmgr/xmega/sleepmgr.o
 .debug_aranges
                0x00000490       0x40 src/ASF/common/services/clock/xmega/sysclk.o
 .debug_aranges
                0x000004d0       0x28 src/ASF/xmega/drivers/nvm/nvm_asm.o
 .debug_aranges
                0x000004f8       0x20 src/ASF/xmega/drivers/cpu/ccp.o
 .debug_aranges
                0x00000518       0x20 src/OctoPlus/drivers/DHT11.o
 .debug_aranges
                0x00000538       0x20 src/OctoPlus/drivers/OctoPlus.o
 .debug_aranges
                0x00000558       0x50 src/OctoPlus/drivers/leds.o
 .debug_aranges
                0x000005a8       0x28 src/OctoPlus/drivers/switch.o
 .debug_aranges
                0x000005d0       0x60 src/OctoPlus/drivers/usb_serial.o
 .debug_aranges
                0x00000630       0x20 src/main.o

.debug_pubnames
 *(.debug_pubnames)

.debug_info     0x00000000     0xb7df
 *(.debug_info .gnu.linkonce.wi.*)
 .debug_info    0x00000000     0x17d9 src/ASF/common/services/usb/class/cdc/device/udi_cdc.o
 .debug_info    0x000017d9     0x10f3 src/ASF/common/services/usb/udc/udc.o
 .debug_info    0x000028cc     0x16e9 src/ASF/xmega/drivers/tc/tc.o
 .debug_info    0x00003fb5      0x901 src/ASF/xmega/drivers/twi/twim.o
 .debug_info    0x000048b6     0x1e1c src/ASF/xmega/drivers/usb/usb_device.o
 .debug_info    0x000066d2      0x7bd src/ASF/common/services/usb/class/cdc/device/udi_cdc_desc.o
 .debug_info    0x00006e8f      0x121 src/ASF/common/services/sleepmgr/xmega/sleepmgr.o
 .debug_info    0x00006fb0      0xbe0 src/ASF/common/services/clock/xmega/sysclk.o
 .debug_info    0x00007b90       0x9c src/ASF/xmega/drivers/nvm/nvm_asm.o
 .debug_info    0x00007c2c       0x9c src/ASF/xmega/drivers/cpu/ccp.o
 .debug_info    0x00007cc8      0xbf3 src/OctoPlus/drivers/DHT11.o
 .debug_info    0x000088bb      0x502 src/OctoPlus/drivers/OctoPlus.o
 .debug_info    0x00008dbd     0x10e2 src/OctoPlus/drivers/leds.o
 .debug_info    0x00009e9f      0x82f src/OctoPlus/drivers/switch.o
 .debug_info    0x0000a6ce      0xabb src/OctoPlus/drivers/usb_serial.o
 .debug_info    0x0000b189      0x656 src/main.o

.debug_abbrev   0x00000000     0x24a0
 *(.debug_abbrev)
 .debug_abbrev  0x00000000      0x39f src/ASF/common/services/usb/class/cdc/device/udi_cdc.o
 .debug_abbrev  0x0000039f      0x3af src/ASF/common/services/usb/udc/udc.o
 .debug_abbrev  0x0000074e      0x2a7 src/ASF/xmega/drivers/tc/tc.o
 .debug_abbrev  0x000009f5      0x2a1 src/ASF/xmega/drivers/twi/twim.o
 .debug_abbrev  0x00000c96      0x5b2 src/ASF/xmega/drivers/usb/usb_device.o
 .debug_abbrev  0x00001248       0xfe src/ASF/common/services/usb/class/cdc/device/udi_cdc_desc.o
 .debug_abbrev  0x00001346       0x80 src/ASF/common/services/sleepmgr/xmega/sleepmgr.o
 .debug_abbrev  0x000013c6      0x2cf src/ASF/common/services/clock/xmega/sysclk.o
 .debug_abbrev  0x00001695       0x12 src/ASF/xmega/drivers/nvm/nvm_asm.o
 .debug_abbrev  0x000016a7       0x14 src/ASF/xmega/drivers/cpu/ccp.o
 .debug_abbrev  0x000016bb      0x2c0 src/OctoPlus/drivers/DHT11.o
 .debug_abbrev  0x0000197b      0x16a src/OctoPlus/drivers/OctoPlus.o
 .debug_abbrev  0x00001ae5      0x2d3 src/OctoPlus/drivers/leds.o
 .debug_abbrev  0x00001db8      0x20f src/OctoPlus/drivers/switch.o
 .debug_abbrev  0x00001fc7      0x304 src/OctoPlus/drivers/usb_serial.o
 .debug_abbrev  0x000022cb      0x1d5 src/main.o

.debug_line     0x00000000     0xa751
 *(.debug_line .debug_line.* .debug_line_end)
 .debug_line    0x00000000      0xe43 src/ASF/common/services/usb/class/cdc/device/udi_cdc.o
 .debug_line    0x00000e43      0xa67 src/ASF/common/services/usb/udc/udc.o
 .debug_line    0x000018aa      0xc5d src/ASF/xmega/drivers/tc/tc.o
 .debug_line    0x00002507      0x605 src/ASF/xmega/drivers/twi/twim.o
 .debug_line    0x00002b0c     0x1494 src/ASF/xmega/drivers/usb/usb_device.o
 .debug_line    0x00003fa0      0x4a1 src/ASF/common/services/usb/class/cdc/device/udi_cdc_desc.o
 .debug_line    0x00004441      0x430 src/ASF/common/services/sleepmgr/xmega/sleepmgr.o
 .debug_line    0x00004871      0x70a src/ASF/common/services/clock/xmega/sysclk.o
 .debug_line    0x00004f7b      0x11f src/ASF/xmega/drivers/nvm/nvm_asm.o
 .debug_line    0x0000509a       0x6e src/ASF/xmega/drivers/cpu/ccp.o
 .debug_line    0x00005108      0xf33 src/OctoPlus/drivers/DHT11.o
 .debug_line    0x0000603b      0xe23 src/OctoPlus/drivers/OctoPlus.o
 .debug_line    0x00006e5e      0xf81 src/OctoPlus/drivers/leds.o
 .debug_line    0x00007ddf      0xdbf src/OctoPlus/drivers/switch.o
 .debug_line    0x00008b9e      0xf4e src/OctoPlus/drivers/usb_serial.o
 .debug_line    0x00009aec      0xc65 src/main.o

.debug_frame    0x00000000     0x1650
 *(.debug_frame)
 .debug_frame   0x00000000      0x380 src/ASF/common/services/usb/class/cdc/device/udi_cdc.o
 .debug_frame   0x00000380      0x120 src/ASF/common/services/usb/udc/udc.o
 .debug_frame   0x000004a0      0x994 src/ASF/xmega/drivers/tc/tc.o
 .debug_frame   0x00000e34      0x100 src/ASF/xmega/drivers/twi/twim.o
 .debug_frame   0x00000f34      0x3d0 src/ASF/xmega/drivers/usb/usb_device.o
 .debug_frame   0x00001304       0x74 src/ASF/common/services/clock/xmega/sysclk.o
 .debug_frame   0x00001378       0x74 src/OctoPlus/drivers/DHT11.o
 .debug_frame   0x000013ec       0x24 src/OctoPlus/drivers/OctoPlus.o
 .debug_frame   0x00001410       0xc8 src/OctoPlus/drivers/leds.o
 .debug_frame   0x000014d8       0x34 src/OctoPlus/drivers/switch.o
 .debug_frame   0x0000150c      0x120 src/OctoPlus/drivers/usb_serial.o
 .debug_frame   0x0000162c       0x24 src/main.o

.debug_str      0x00000000    0x2fc0c
 *(.debug_str)
 .debug_str     0x00000000    0x27337 src/ASF/common/services/usb/class/cdc/device/udi_cdc.o
                              0x27a07 (size before relaxing)
 .debug_str     0x00027337      0xa8a src/ASF/common/services/usb/udc/udc.o
                              0x26174 (size before relaxing)
 .debug_str     0x00027dc1     0x1e96 src/ASF/xmega/drivers/tc/tc.o
                              0x24e4e (size before relaxing)
 .debug_str     0x00029c57      0x5c4 src/ASF/xmega/drivers/twi/twim.o
                              0x235db (size before relaxing)
 .debug_str     0x0002a21b     0x3a2f src/ASF/xmega/drivers/usb/usb_device.o
                              0x2abe3 (size before relaxing)
 .debug_str     0x0002dc4a      0x231 src/ASF/common/services/usb/class/cdc/device/udi_cdc_desc.o
                              0x2709d (size before relaxing)
 .debug_str     0x0002de7b       0x35 src/ASF/common/services/sleepmgr/xmega/sleepmgr.o
                              0x233e6 (size before relaxing)
 .debug_str     0x0002deb0      0x2e1 src/ASF/common/services/clock/xmega/sysclk.o
                              0x24991 (size before relaxing)
 .debug_str     0x0002e191     0x18aa src/OctoPlus/drivers/DHT11.o
                              0x29cfd (size before relaxing)
 .debug_str     0x0002fa3b       0x61 src/OctoPlus/drivers/OctoPlus.o
                              0x298c0 (size before relaxing)
 .debug_str     0x0002fa9c       0x71 src/OctoPlus/drivers/leds.o
                              0x29d00 (size before relaxing)
 .debug_str     0x0002fb0d       0x2e src/OctoPlus/drivers/switch.o
                              0x29a7e (size before relaxing)
 .debug_str     0x0002fb3b       0xc3 src/OctoPlus/drivers/usb_serial.o
                              0x29c67 (size before relaxing)
 .debug_str     0x0002fbfe        0xe src/main.o
                              0x29ab2 (size before relaxing)

.debug_loc      0x00000000     0x4d6e
 *(.debug_loc)
 .debug_loc     0x00000000      0xddc src/ASF/common/services/usb/class/cdc/device/udi_cdc.o
 .debug_loc     0x00000ddc      0x4f1 src/ASF/common/services/usb/udc/udc.o
 .debug_loc     0x000012cd     0x16a8 src/ASF/xmega/drivers/tc/tc.o
 .debug_loc     0x00002975      0x470 src/ASF/xmega/drivers/twi/twim.o
 .debug_loc     0x00002de5      0xfa4 src/ASF/xmega/drivers/usb/usb_device.o
 .debug_loc     0x00003d89      0x31e src/ASF/common/services/clock/xmega/sysclk.o
 .debug_loc     0x000040a7      0x374 src/OctoPlus/drivers/DHT11.o
 .debug_loc     0x0000441b      0x4f5 src/OctoPlus/drivers/leds.o
 .debug_loc     0x00004910      0x41d src/OctoPlus/drivers/usb_serial.o
 .debug_loc     0x00004d2d       0x41 src/main.o

.debug_macinfo
 *(.debug_macinfo)

.debug_weaknames
 *(.debug_weaknames)

.debug_funcnames
 *(.debug_funcnames)

.debug_typenames
 *(.debug_typenames)

.debug_varnames
 *(.debug_varnames)

.debug_pubtypes
 *(.debug_pubtypes)

.debug_ranges   0x00000000      0x598
 *(.debug_ranges)
 .debug_ranges  0x00000000      0x158 src/ASF/common/services/usb/class/cdc/device/udi_cdc.o
 .debug_ranges  0x00000158       0x60 src/ASF/common/services/usb/udc/udc.o
 .debug_ranges  0x000001b8      0x118 src/ASF/xmega/drivers/tc/tc.o
 .debug_ranges  0x000002d0       0x60 src/ASF/xmega/drivers/twi/twim.o
 .debug_ranges  0x00000330      0x128 src/ASF/xmega/drivers/usb/usb_device.o
 .debug_ranges  0x00000458       0x30 src/ASF/common/services/clock/xmega/sysclk.o
 .debug_ranges  0x00000488       0x20 src/ASF/xmega/drivers/nvm/nvm_asm.o
 .debug_ranges  0x000004a8       0x28 src/OctoPlus/drivers/DHT11.o
 .debug_ranges  0x000004d0       0x10 src/OctoPlus/drivers/OctoPlus.o
 .debug_ranges  0x000004e0       0x40 src/OctoPlus/drivers/leds.o
 .debug_ranges  0x00000520       0x18 src/OctoPlus/drivers/switch.o
 .debug_ranges  0x00000538       0x50 src/OctoPlus/drivers/usb_serial.o
 .debug_ranges  0x00000588       0x10 src/main.o

.debug_macro    0x00000000     0xc472
 *(.debug_macro)
 .debug_macro   0x00000000      0x299 src/ASF/common/services/usb/class/cdc/device/udi_cdc.o
 .debug_macro   0x00000299      0xa3c src/ASF/common/services/usb/class/cdc/device/udi_cdc.o
 .debug_macro   0x00000cd5       0x10 src/ASF/common/services/usb/class/cdc/device/udi_cdc.o
 .debug_macro   0x00000ce5      0x1ad src/ASF/common/services/usb/class/cdc/device/udi_cdc.o
 .debug_macro   0x00000e92      0x293 src/ASF/common/services/usb/class/cdc/device/udi_cdc.o
 .debug_macro   0x00001125       0x9e src/ASF/common/services/usb/class/cdc/device/udi_cdc.o
 .debug_macro   0x000011c3     0x5486 src/ASF/common/services/usb/class/cdc/device/udi_cdc.o
 .debug_macro   0x00006649       0x9a src/ASF/common/services/usb/class/cdc/device/udi_cdc.o
 .debug_macro   0x000066e3       0xf1 src/ASF/common/services/usb/class/cdc/device/udi_cdc.o
 .debug_macro   0x000067d4       0x34 src/ASF/common/services/usb/class/cdc/device/udi_cdc.o
 .debug_macro   0x00006808       0x10 src/ASF/common/services/usb/class/cdc/device/udi_cdc.o
 .debug_macro   0x00006818       0x18 src/ASF/common/services/usb/class/cdc/device/udi_cdc.o
 .debug_macro   0x00006830       0x5e src/ASF/common/services/usb/class/cdc/device/udi_cdc.o
 .debug_macro   0x0000688e       0x10 src/ASF/common/services/usb/class/cdc/device/udi_cdc.o
 .debug_macro   0x0000689e       0x22 src/ASF/common/services/usb/class/cdc/device/udi_cdc.o
 .debug_macro   0x000068c0      0x166 src/ASF/common/services/usb/class/cdc/device/udi_cdc.o
 .debug_macro   0x00006a26       0x1c src/ASF/common/services/usb/class/cdc/device/udi_cdc.o
 .debug_macro   0x00006a42       0x35 src/ASF/common/services/usb/class/cdc/device/udi_cdc.o
 .debug_macro   0x00006a77       0x66 src/ASF/common/services/usb/class/cdc/device/udi_cdc.o
 .debug_macro   0x00006add      0x476 src/ASF/common/services/usb/class/cdc/device/udi_cdc.o
 .debug_macro   0x00006f53       0x97 src/ASF/common/services/usb/class/cdc/device/udi_cdc.o
 .debug_macro   0x00006fea       0x17 src/ASF/common/services/usb/class/cdc/device/udi_cdc.o
 .debug_macro   0x00007001      0x250 src/ASF/common/services/usb/class/cdc/device/udi_cdc.o
 .debug_macro   0x00007251       0x76 src/ASF/common/services/usb/class/cdc/device/udi_cdc.o
 .debug_macro   0x000072c7       0x16 src/ASF/common/services/usb/class/cdc/device/udi_cdc.o
 .debug_macro   0x000072dd      0x6e0 src/ASF/common/services/usb/class/cdc/device/udi_cdc.o
 .debug_macro   0x000079bd       0x10 src/ASF/common/services/usb/class/cdc/device/udi_cdc.o
 .debug_macro   0x000079cd      0x175 src/ASF/common/services/usb/class/cdc/device/udi_cdc.o
 .debug_macro   0x00007b42       0x40 src/ASF/common/services/usb/class/cdc/device/udi_cdc.o
 .debug_macro   0x00007b82       0x69 src/ASF/common/services/usb/class/cdc/device/udi_cdc.o
 .debug_macro   0x00007beb       0x32 src/ASF/common/services/usb/class/cdc/device/udi_cdc.o
 .debug_macro   0x00007c1d       0xe4 src/ASF/common/services/usb/class/cdc/device/udi_cdc.o
 .debug_macro   0x00007d01       0x7e src/ASF/common/services/usb/class/cdc/device/udi_cdc.o
 .debug_macro   0x00007d7f      0x225 src/ASF/common/services/usb/class/cdc/device/udi_cdc.o
 .debug_macro   0x00007fa4       0xf0 src/ASF/common/services/usb/class/cdc/device/udi_cdc.o
 .debug_macro   0x00008094      0x241 src/ASF/common/services/usb/class/cdc/device/udi_cdc.o
 .debug_macro   0x000082d5      0x17e src/ASF/common/services/usb/class/cdc/device/udi_cdc.o
 .debug_macro   0x00008453       0x16 src/ASF/common/services/usb/class/cdc/device/udi_cdc.o
 .debug_macro   0x00008469       0x1c src/ASF/common/services/usb/class/cdc/device/udi_cdc.o
 .debug_macro   0x00008485      0x190 src/ASF/common/services/usb/class/cdc/device/udi_cdc.o
 .debug_macro   0x00008615       0x16 src/ASF/common/services/usb/class/cdc/device/udi_cdc.o
 .debug_macro   0x0000862b      0x1f6 src/ASF/common/services/usb/udc/udc.o
 .debug_macro   0x00008821      0x230 src/ASF/xmega/drivers/tc/tc.o
 .debug_macro   0x00008a51      0x299 src/ASF/xmega/drivers/tc/tc.o
 .debug_macro   0x00008cea       0x10 src/ASF/xmega/drivers/tc/tc.o
 .debug_macro   0x00008cfa       0x5e src/ASF/xmega/drivers/tc/tc.o
 .debug_macro   0x00008d58       0x2e src/ASF/xmega/drivers/tc/tc.o
 .debug_macro   0x00008d86      0x229 src/ASF/xmega/drivers/tc/tc.o
 .debug_macro   0x00008faf       0x66 src/ASF/xmega/drivers/tc/tc.o
 .debug_macro   0x00009015       0x2f src/ASF/xmega/drivers/tc/tc.o
 .debug_macro   0x00009044      0x154 src/ASF/xmega/drivers/tc/tc.o
 .debug_macro   0x00009198       0x12 src/ASF/xmega/drivers/tc/tc.o
 .debug_macro   0x000091aa      0x198 src/ASF/xmega/drivers/twi/twim.o
 .debug_macro   0x00009342       0x16 src/ASF/xmega/drivers/twi/twim.o
 .debug_macro   0x00009358       0x22 src/ASF/xmega/drivers/twi/twim.o
 .debug_macro   0x0000937a       0x10 src/ASF/xmega/drivers/twi/twim.o
 .debug_macro   0x0000938a      0x2ca src/ASF/xmega/drivers/usb/usb_device.o
 .debug_macro   0x00009654       0x26 src/ASF/xmega/drivers/usb/usb_device.o
 .debug_macro   0x0000967a      0x467 src/ASF/xmega/drivers/usb/usb_device.o
 .debug_macro   0x00009ae1      0x20a src/ASF/common/services/usb/class/cdc/device/udi_cdc_desc.o
 .debug_macro   0x00009ceb      0x1a3 src/ASF/common/services/sleepmgr/xmega/sleepmgr.o
 .debug_macro   0x00009e8e      0x1e6 src/ASF/common/services/clock/xmega/sysclk.o
 .debug_macro   0x0000a074      0x54e src/OctoPlus/drivers/DHT11.o
 .debug_macro   0x0000a5c2       0x58 src/OctoPlus/drivers/DHT11.o
 .debug_macro   0x0000a61a       0x10 src/OctoPlus/drivers/DHT11.o
 .debug_macro   0x0000a62a       0xeb src/OctoPlus/drivers/DHT11.o
 .debug_macro   0x0000a715       0xb2 src/OctoPlus/drivers/DHT11.o
 .debug_macro   0x0000a7c7       0xc4 src/OctoPlus/drivers/DHT11.o
 .debug_macro   0x0000a88b       0x10 src/OctoPlus/drivers/DHT11.o
 .debug_macro   0x0000a89b       0x64 src/OctoPlus/drivers/DHT11.o
 .debug_macro   0x0000a8ff       0x8e src/OctoPlus/drivers/DHT11.o
 .debug_macro   0x0000a98d       0x22 src/OctoPlus/drivers/DHT11.o
 .debug_macro   0x0000a9af       0x16 src/OctoPlus/drivers/DHT11.o
 .debug_macro   0x0000a9c5      0x586 src/OctoPlus/drivers/OctoPlus.o
 .debug_macro   0x0000af4b      0x54e src/OctoPlus/drivers/leds.o
 .debug_macro   0x0000b499      0x54e src/OctoPlus/drivers/switch.o
 .debug_macro   0x0000b9e7      0x54e src/OctoPlus/drivers/usb_serial.o
 .debug_macro   0x0000bf35      0x53d src/main.o
OUTPUT(Octoplus-Template.elf elf32-avr)
LOAD linker stubs
